<html>
<body>
<pre>
<h1>µVision Build Log</h1>
<h2>Tool Versions:</h2>
IDE-Version: ¦ÌVision V5.14.0.0
Copyright (C) 2015 ARM Ltd and ARM Germany GmbH. All rights reserved.
License Information: Woo Woo, ABC, LIC=V859U-SWNL6-67QRS-LHGEI-PL12D-3NCKB
 
Tool Versions:
Toolchain:       MDK-ARM Professional  Version: 5.14.0.0
Toolchain Path:  C:\Keil_v5\ARM\ARMCC\Bin
C Compiler:      Armcc.exe V5.05 update 1 (build 106)
Assembler:       Armasm.exe V5.05 update 1 (build 106)
Linker/Locator:  ArmLink.exe V5.05 update 1 (build 106)
Library Manager: ArmAr.exe V5.05 update 1 (build 106)
Hex Converter:   FromElf.exe V5.05 update 1 (build 106)
CPU DLL:         SARMCM3.DLL V5.14.0.0
Dialog DLL:      DARMCM1.DLL V1.12.0.0
Target DLL:      Segger\JL2CM3.dll V2.99.13.0
Dialog DLL:      TARMCM1.DLL V1.9.0.0
 
<h2>Project:</h2>
C:\Users\80426\Documents\GitHub\C\STM32-Simulating-IIC-Slave\STM32_Simulating_IIC_Slave\MDK-ARM\STM32_Simulating_IIC_Slave.uvprojx
Project File Date:  05/03/2018

<h2>Output:</h2>
Build target 'STM32_Simulating_IIC_Slave'
compiling Simulating_IIC.c...
..\User\Simulating_IIC.c(145): warning:  #177-D: variable "cnt" was declared but never referenced
        int i = 0, cnt = 0;
..\User\Simulating_IIC.c: 1 warning, 0 errors
linking...
Program Size: Code=5460 RO-data=236 RW-data=24 ZI-data=1184  
"STM32_Simulating_IIC_Slave\STM32_Simulating_IIC_Slave.axf" - 0 Error(s), 1 Warning(s).

<h2>Software Packages used:</h2>

Package Vendor: ARM
                http://www.keil.com/pack/ARM.CMSIS.5.0.1.pack
                ARM::CMSIS:CORE:5.0.1
                CMSIS (Cortex Microcontroller Software Interface Standard)
   * Component: CORE Version: 5.0.1

<h2>Collection of Component include folders:</h2>
  C:\Users\80426\Documents\GitHub\C\STM32-Simulating-IIC-Slave\STM32_Simulating_IIC_Slave\MDK-ARM\RTE
  C:\Keil_v5\ARM\PACK\ARM\CMSIS\5.0.1\CMSIS\Include
  C:\Keil_v5\ARM\PACK\Keil\STM32F0xx_DFP\1.4.0\Device\Include

<h2>Collection of Component Files used:</h2>

   * Component: ARM::CMSIS:CORE:5.0.1
</pre>
</body>
</html>
